  AidMan.cpp
main52.obj : error LNK2005: "void __cdecl copyfile(char const *,char const *)" (?copyfile@@YAXPEBD0@Z) already defined in main.obj
main52.obj : error LNK2005: "void __cdecl displayFile(char const *)" (?displayFile@@YAXPEBD@Z) already defined in main.obj
main52.obj : error LNK2005: main already defined in main.obj
Date.obj : error LNK2019: unresolved external symbol "public: __cdecl sdds::Status::Status(char const *)" (??0Status@sdds@@QEAA@PEBD@Z) referenced in function "public: __cdecl sdds::Date::Date(int,int,int)" (??0Date@sdds@@QEAA@HHH@Z)
Item.obj : error LNK2001: unresolved external symbol "public: __cdecl sdds::Status::Status(char const *)" (??0Status@sdds@@QEAA@PEBD@Z)
Date.obj : error LNK2019: unresolved external symbol "public: __cdecl sdds::Status::~Status(void)" (??1Status@sdds@@QEAA@XZ) referenced in function "int `public: __cdecl sdds::Date::Date(int,int,int)'::`1'::dtor$0" (?dtor$0@?0???0Date@sdds@@QEAA@HHH@Z@4HA)
Item.obj : error LNK2001: unresolved external symbol "public: __cdecl sdds::Status::~Status(void)" (??1Status@sdds@@QEAA@XZ)
Date.obj : error LNK2019: unresolved external symbol "public: class sdds::Status & __cdecl sdds::Status::operator=(class sdds::Status const &)" (??4Status@sdds@@QEAAAEAV01@AEBV01@@Z) referenced in function "public: class sdds::Date & __cdecl sdds::Date::operator=(class sdds::Date const &)" (??4Date@sdds@@QEAAAEAV01@AEBV01@@Z)
Item.obj : error LNK2001: unresolved external symbol "public: class sdds::Status & __cdecl sdds::Status::operator=(class sdds::Status const &)" (??4Status@sdds@@QEAAAEAV01@AEBV01@@Z)
Date.obj : error LNK2019: unresolved external symbol "public: __cdecl sdds::Status::operator bool(void)const " (??BStatus@sdds@@QEBA_NXZ) referenced in function "public: __cdecl sdds::Date::operator bool(void)const " (??BDate@sdds@@QEBA_NXZ)
Item.obj : error LNK2001: unresolved external symbol "public: __cdecl sdds::Status::operator bool(void)const " (??BStatus@sdds@@QEBA_NXZ)
Perishable.obj : error LNK2001: unresolved external symbol "public: __cdecl sdds::Status::operator bool(void)const " (??BStatus@sdds@@QEBA_NXZ)
Date.obj : error LNK2019: unresolved external symbol "public: void __cdecl sdds::Status::set(char const *,int)" (?set@Status@sdds@@QEAAXPEBDH@Z) referenced in function "public: __cdecl sdds::Date::Date(int,int,int)" (??0Date@sdds@@QEAA@HHH@Z)
Item.obj : error LNK2001: unresolved external symbol "public: void __cdecl sdds::Status::set(char const *,int)" (?set@Status@sdds@@QEAAXPEBDH@Z)
Perishable.obj : error LNK2001: unresolved external symbol "public: void __cdecl sdds::Status::set(char const *,int)" (?set@Status@sdds@@QEAAXPEBDH@Z)
Date.obj : error LNK2019: unresolved external symbol "public: class sdds::Status & __cdecl sdds::Status::clear(void)" (?clear@Status@sdds@@QEAAAEAV12@XZ) referenced in function "private: bool __cdecl sdds::Date::validate(void)" (?validate@Date@sdds@@AEAA_NXZ)
Item.obj : error LNK2001: unresolved external symbol "public: class sdds::Status & __cdecl sdds::Status::clear(void)" (?clear@Status@sdds@@QEAAAEAV12@XZ)
Item.obj : error LNK2019: unresolved external symbol "class std::basic_ostream<char,struct std::char_traits<char> > & __cdecl sdds::operator<<(class std::basic_ostream<char,struct std::char_traits<char> > &,class sdds::Status const &)" (??6sdds@@YAAEAV?$basic_ostream@DU?$char_traits@D@std@@@std@@AEAV12@AEBVStatus@0@@Z) referenced in function "public: void __cdecl sdds::Item::printState(class std::basic_ostream<char,struct std::char_traits<char> > &)const " (?printState@Item@sdds@@QEBAXAEAV?$basic_ostream@DU?$char_traits@D@std@@@std@@@Z)
C:\Users\lilyx\OneDrive\Documents\GAP PROGRAM\OOP 244\final project redo\x64\Debug\final project redo.exe : fatal error LNK1120: 7 unresolved externals
